22976:24
22748:24
22333:24
22432:25
22385:25
21987:25
POST 21987:24
23199:26
22661:26
22437:26
POST 22437:25
22435:26
22383:26
23256:27
23254 23256:25
23204:27
22659:27
22631:27
22367:27
21915:27
20749:27
POST 20749:25
22895:28
POST 22895:25
22620:28
22303:28
POST 22303:24
22029:28
20682:28
23254:29
23203:29
POST 23203:27
21936:29
POST 21936:27
20719:29
POST 20719:26
21121:30
POST 21121:25
20712:30
POST 20712:30
22555:32
POST 22555:25
22138:32
22090:32
POST 22090:28
23209:33
POST 23209:28
22662:34
22139:34
22727:37
POST 22727:34
22726 22727:31
22726 POST 22727:28
22728 22727:29
POST 22728 22727:26
22726 22728 22727:25
22027:37
POST 22027:35
20724:38
POST 20724:32
85099B:39
POST 85099B:33
22726:39
POST 22726:33
22728 22726:29
POST 22728 22726:24
22728:40
POST 22728:35
22630:40
22629 22630:28
POST 22630:29
21212:40
POST 21212:33
22492:41
POST 22492:32
22328:44
POST 22328:38
22326 22328:26
POST 22326 22328:24
20726:47
POST 20726:40
22382 20726:26
22382:48
POST 22382:36
20725 22382:26
23206 22382:26
21559:48
POST 21559:45
22352 21559:25
22629:50
POST 22629:39
21094:50
POST 21094:42
21086 21094:48
POST 21086 21094:40
21080 21094:40
POST 21080 21094:33
21086 21080 21094:39
POST 21086 21080 21094:32
23206:51
POST 23206:42
20725 23206:27
POST 20725 23206:25
21080:52
POST 21080:43
21086 21080:40
POST 21086 21080:33
22423:54
POST 22423:42
21086:54
POST 21086:46
22551:55
POST 22551:45
22554 22551:41
POST 22554 22551:33
22556 22551:36
POST 22556 22551:29
22554 22556 22551:27
20750:55
POST 20750:45
22352:57
POST 22352:45
20725:61
POST 20725:48
22326:65
POST 22326:58
22556:68
POST 22556:58
22554 22556:40
POST 22554 22556:33
22554:68
POST 22554:54
21731:72
POST 21731:62
23084:75
POST 23084:65
POST:311
